make all --print-data-base --no-builtin-variables --no-builtin-rules --question
# GNU Make 4.4.1
# Built for x86_64-unknown-linux-gnu
# Copyright (C) 1988-2023 Free Software Foundation, Inc.
# License GPLv3+: GNU GPL version 3 or later <https://gnu.org/licenses/gpl.html>
# This is free software: you are free to change and redistribute it.
# There is NO WARRANTY, to the extent permitted by law.

# Make data base, printed on Mon May 18 08:28:08 2026

# Variables

# makefile (from 'Makefile', line 8)
OBJ = $(SRC:.cpp=.o)
# environment
GDK_BACKEND = x11
# environment
LC_ALL = C
# makefile (from 'Makefile', line 5)
SRC = main.cpp PmergeMe.cpp
# environment
SSH_AGENT_LAUNCHER = gnome-keyring
# environment
PULSE_SERVER = unix:/run/flatpak/pulse/native
# environment
GJS_DEBUG_OUTPUT = stderr
# environment
SBX_CHROME_API_RQ = 1
# environment
VSCODE_CRASH_REPORTER_PROCESS_TYPE = extensionHost
# environment
VSCODE_CWD = /home/ekhallaf
# environment
LIBVIRT_DEFAULT_URI = qemu:///system
# environment
GDM_LANG = en
# default
MAKE_COMMAND := make
# environment
QT_ACCESSIBILITY = 1
# automatic
@D = $(patsubst %/,%,$(dir $@))
# environment
VSCODE_HANDLES_UNCAUGHT_ERRORS = true
# default
.VARIABLES := 
# environment
PWD = /goinfre/ekhallaf/cpp09/ex02
# environment
ZYPAK_ZYGOTE_STRATEGY_SPAWN = 1
# automatic
%D = $(patsubst %/,%,$(dir $%))
# environment
GI_TYPELIB_PATH = /app/lib/girepository-1.0
# environment
XDG_DATA_DIRS = /app/share:/usr/share:/usr/share/runtime/share:/run/host/user-share:/run/host/share
# automatic
^D = $(patsubst %/,%,$(dir $^))
# automatic
%F = $(notdir $%)
# environment
VSCODE_CODE_CACHE_PATH = /home/ekhallaf/.var/app/com.visualstudio.code/config/Code/CachedData/0958016b2af9f09bb4257e0df4a95e2f90590f9f
# environment
XDG_SESSION_PATH = /org/freedesktop/DisplayManager/Session23
# environment
LANG = C
# environment
XAUTHORITY = /run/flatpak/Xauthority
# default
.LOADED := 
# default
.INCLUDE_DIRS := /usr/include
# environment
ALSA_CONFIG_DIR = /usr/share/alsa
# makefile
MAKEFLAGS = pqrR
# makefile
CURDIR := /goinfre/ekhallaf/cpp09/ex02
# automatic
*D = $(patsubst %/,%,$(dir $*))
# environment
ZYPAK_LIB = /app/bin/../lib
# environment
MFLAGS = -pqrR
# environment
SSH_AUTH_SOCK = /run/flatpak/ssh-auth
# default
.SHELLFLAGS := -c
# environment
XDG_CONFIG_DIRS = /app/etc/xdg:/etc/xdg
 
# automatic
+D = $(patsubst %/,%,$(dir $+))
# environment
ALSA_CONFIG_PATH = /usr/share/alsa/alsa-flatpak.conf
# environment
XDG_SESSION_DESKTOP = ubuntu
# makefile (from 'Makefile', line 1)
MAKEFILE_LIST := Makefile
# environment
FLATPAK_SANDBOX_DIR = /home/ekhallaf/.var/app/com.visualstudio.code/sandbox
# automatic
@F = $(notdir $@)
# environment
VSCODE_PID = 22
# environment
KRB5CCNAME = FILE:/tmp/krb5cc_101267_QqqyxS
# environment
XDG_SESSION_TYPE = x11
# automatic
?D = $(patsubst %/,%,$(dir $?))
# environment
PYTHONUSERBASE = /var/data/python
# environment
AT_SPI_BUS_ADDRESS = unix:path=/run/flatpak/at-spi-bus
# environment
XDG_DATA_HOME = /home/ekhallaf/.var/app/com.visualstudio.code/data
# environment
SESSION_MANAGER = local/c3r8p1.1337.ma:@/tmp/.ICE-unix/2203075,unix/c3r8p1.1337.ma:/tmp/.ICE-unix/2203075
# automatic
*F = $(notdir $*)
# environment
CHROME_DESKTOP = code.desktop
# environment
DBUS_SESSION_BUS_ADDRESS = unix:path=/run/flatpak/bus
# automatic
<D = $(patsubst %/,%,$(dir $<))
# environment
VSCODE_NLS_CONFIG = {"userLocale":"en-us","osLocale":"en","resolvedLanguage":"en","defaultMessagesFile":"/app/extra/vscode/resources/app/out/nls.messages.json","locale":"en-us","availableLanguages":{}}
# environment
__EGL_EXTERNAL_PLATFORM_CONFIG_DIRS = /etc/egl/egl_external_platform.d:/usr/lib/x86_64-linux-gnu/GL/egl/egl_external_platform.d:/usr/share/egl/egl_external_platform.d
# default
MAKE_HOST := x86_64-unknown-linux-gnu
# environment
GNOME_DESKTOP_SESSION_ID = this-is-deprecated
# makefile
SHELL = /bin/sh
# default
MAKECMDGOALS := all
# environment
XMODIFIERS = @im=ibus
# environment
LD_LIBRARY_PATH = /app/lib
# environment
GJS_DEBUG_TOPICS = JS ERROR;JS LOG
# environment
SANDBOX_LD_LIBRARY_PATH = /app/lib
# environment
SHLVL = 0
# environment
MAKELEVEL := 0
# default
MAKE = $(MAKE_COMMAND)
# environment
PATH = /app/bin:/app/bin:/app/bin:/usr/bin:/home/ekhallaf/.var/app/com.visualstudio.code/data/node_modules/bin
# environment
XCURSOR_PATH = /run/host/user-share/icons:/run/host/share/icons
# default
MAKEFILES := 
# environment
LANGUAGE = en
# automatic
^F = $(notdir $^)
# environment
DBUS_SYSTEM_BUS_ADDRESS = unix:path=/run/dbus/system_bus_socket
# environment
XDG_CONFIG_HOME = /home/ekhallaf/.var/app/com.visualstudio.code/config
# environment
INVOCATION_ID = 3d5a34015f44454a9ecb8248e743feed
# environment
DOCKER_HOST = unix:///run/user/101267/docker.sock
# automatic
?F = $(notdir $?)
# makefile (from 'Makefile', line 1)
NAME = ex02
# environment
GTK_IM_MODULE = ibus
# environment
XDG_CURRENT_DESKTOP = ubuntu:GNOME
# automatic
+F = $(notdir $+)
# environment
XDG_SEAT_PATH = /org/freedesktop/DisplayManager/Seat0
# environment
DESKTOP_SESSION = ubuntu
# environment
GST_PLUGIN_SYSTEM_PATH = /app/lib/gstreamer-1.0:/usr/lib/extensions/gstreamer-1.0:/usr/lib/x86_64-linux-gnu/codecs-extra/lib/gstreamer-1.0:/usr/lib/x86_64-linux-gnu/gstreamer-1.0
# 'override' directive
GNUMAKEFLAGS := 
# environment
LOGNAME = ekhallaf
# environment
container = flatpak
# environment
GIO_LAUNCHED_DESKTOP_FILE = /var/lib/flatpak/exports/share/applications/com.visualstudio.code.desktop
# makefile
.DEFAULT_GOAL := all
# environment
SYSTEMD_EXEC_PID = 2203098
# environment
NPM_CONFIG_GLOBALCONFIG = /app/etc/npmrc
# environment
GTK_MODULES = gail:atk-bridge
# environment
USER = ekhallaf
# environment
DISPLAY = :99.0
# default
MAKE_VERSION := 4.4.1
# environment
MANAGERPID = 2202392
# environment
GIO_LAUNCHED_DESKTOP_FILE_PID = 2204693
# environment
_ = /usr/bin/make
# environment
XDG_RUNTIME_DIR = /run/user/101267
# environment
GPG_AGENT_INFO = /run/user/101267/gnupg/S.gpg-agent:0:1
# environment
PULSE_CLIENTCONFIG = /run/flatpak/pulse/config
# environment
FC_FONTATIONS = 1
# environment
JOURNAL_STREAM = 8:11570062
# environment
XDG_SESSION_CLASS = user
# environment
HOME = /home/ekhallaf
# environment
QT_IM_MODULE = ibus
# environment
ELECTRON_RUN_AS_NODE = 1
# environment
VSCODE_IPC_HOOK = /run/user/101267/vscode-fa27ddf7-1.12-main.sock
# environment
FT_HOOK_PATHNAME = login-user.d
# default
.RECIPEPREFIX := 
# automatic
<F = $(notdir $<)
# default
SUFFIXES := 
# environment
XDG_CACHE_HOME = /home/ekhallaf/.var/app/com.visualstudio.code/cache
# environment
VSCODE_CLI = 1
# environment
FT_HOOK_NAME = login-user
# environment
ELECTRON_NO_ATTACH_CONSOLE = 1
# makefile (from 'Makefile', line 6)
CXXFLAGS = -Wall -Wextra -Werror -std=c++98
# environment
XDG_GREETER_DATA_DIR = /var/lib/lightdm-data/ekhallaf
# default
.FEATURES := target-specific order-only second-expansion else-if shortest-stem undefine oneshell nocomment grouped-target extra-prereqs notintermediate shell-export archives jobserver jobserver-fifo output-sync check-symlink load
# makefile (from 'Makefile', line 3)
CXX = c++
# environment
FLATPAK_ID = com.visualstudio.code
# environment
XDG_MENU_PREFIX = gnome-
 
# environment
VSCODE_ESM_ENTRYPOINT = vs/workbench/api/node/extensionHostProcess
# environment
ZYPAK_BIN = /app/bin
# environment
GDMSESSION = ubuntu
# variable set hash-table stats:
# Load=128/1024=12%, Rehash=0, Collisions=17/159=11%

# Pattern-specific Variable Values

# No pattern-specific variable values.

# Directories

# . (device 64513, inode 4719017): 12 files, no impossibilities.

# 12 files, no impossibilities in 1 directories.

# Implicit Rules

%.o: %.cpp PmergeMe.hpp
#  recipe to execute (from 'Makefile', line 16):
	$(CXX) $(CXXFLAGS) -c $< -o $@

# 1 implicit rules, 0 (0.0%) terminal.
# Files

# Not a target:
Makefile:
#  Implicit rule search has been done.
#  File is secondary (prerequisite of .SECONDARY).
#  Last modified 2026-05-18 08:27:22.764052846
#  File has been updated.
#  Successfully updated.

# Not a target:
PmergeMe.cpp:
#  Implicit rule search has been done.
#  File is secondary (prerequisite of .SECONDARY).
#  Last modified 2026-05-18 08:27:22.764052846
#  File has been updated.
#  Successfully updated.

clean:
#  Phony target (prerequisite of .PHONY).
#  Implicit rule search has not been done.
#  File does not exist.
#  File has not been updated.
#  recipe to execute (from 'Makefile', line 19):
	rm -f $(OBJ)

re: fclean all
#  Phony target (prerequisite of .PHONY).
#  Implicit rule search has not been done.
#  File does not exist.
#  File has not been updated.

# Not a target:
.DEFAULT:
#  Implicit rule search has not been done.
#  Modification time never checked.
#  File has not been updated.

all: ex02
#  Phony target (prerequisite of .PHONY).
#  Command line target.
#  Implicit rule search has not been done.
#  File does not exist.
#  File has been updated.
#  Successfully updated.

fclean: clean
#  Phony target (prerequisite of .PHONY).
#  Implicit rule search has not been done.
#  File does not exist.
#  File has not been updated.
#  recipe to execute (from 'Makefile', line 22):
	rm -f $(NAME)

ex02: main.o PmergeMe.o
#  Implicit rule search has not been done.
#  File is secondary (prerequisite of .SECONDARY).
#  Last modified 2026-05-18 08:27:22.764052846
#  File has been updated.
#  Successfully updated.
#  recipe to execute (from 'Makefile', line 13):
	$(CXX) $(CXXFLAGS) $(OBJ) -o $(NAME)

# Not a target:
main.cpp:
#  Implicit rule search has been done.
#  File is secondary (prerequisite of .SECONDARY).
#  Last modified 2026-05-18 08:27:22.764052846
#  File has been updated.
#  Successfully updated.

main.o: main.cpp PmergeMe.hpp
#  Implicit rule search has been done.
#  Implicit/static pattern stem: 'main'
#  File is secondary (prerequisite of .SECONDARY).
#  Last modified 2026-05-18 08:27:22.764052846
#  File has been updated.
#  Successfully updated.
#  recipe to execute (from 'Makefile', line 16):
	$(CXX) $(CXXFLAGS) -c $< -o $@

.PHONY: all clean fclean re
#  Implicit rule search has not been done.
#  Modification time never checked.
#  File has not been updated.

PmergeMe.o: PmergeMe.cpp PmergeMe.hpp
#  Implicit rule search has been done.
#  Implicit/static pattern stem: 'PmergeMe'
#  File is secondary (prerequisite of .SECONDARY).
#  Last modified 2026-05-18 08:27:22.764052846
#  File has been updated.
#  Successfully updated.
#  recipe to execute (from 'Makefile', line 16):
	$(CXX) $(CXXFLAGS) -c $< -o $@

# Not a target:
PmergeMe.hpp:
#  Implicit rule search has been done.
#  File is secondary (prerequisite of .SECONDARY).
#  Last modified 2026-05-18 08:27:22.764052846
#  File has been updated.
#  Successfully updated.

# files hash-table stats:
# Load=14/1024=1%, Rehash=0, Collisions=0/47=0%
# VPATH Search Paths

# No 'vpath' search paths.

# No general ('VPATH' variable) search path.

# strcache buffers: 1 (0) / strings = 24 / storage = 186 B / avg = 7 B
# current buf: size = 8162 B / used = 186 B / count = 24 / avg = 7 B

# strcache performance: lookups = 54 / hit rate = 55%
# hash-table stats:
 
# Load=24/8192=0%, Rehash=0, Collisions=0/54=0%
# Finished Make data base on Mon May 18 08:28:08 2026

 
